[{"stream_name":"stdout","time":5.966495162,"data":"=== generating pools (4 of 4 still needed) ===\n"}
,{"stream_name":"stderr","time":25.548528342,"data":"Warning: You are sending unauthenticated requests to the HF Hub. Please set a HF_TOKEN to enable higher rate limits and faster downloads.\n"}
,{"stream_name":"stderr","time":25.560567601,"data":"You are using a model of type qwen3_5 to instantiate a model of type . This is not supported for all configurations of models and can yield errors.\n"}
,{"stream_name":"stderr","time":29.739592986,"data":"Traceback (most recent call last):\n"}
,{"stream_name":"stderr","time":29.740783442,"data":"  File \"/usr/local/lib/python3.12/dist-packages/transformers/models/auto/configuration_auto.py\", line 1384, in from_pretrained\n"}
,{"stream_name":"stderr","time":29.740804283,"data":"    config_class = CONFIG_MAPPING[config_dict[\"model_type\"]]\n"}
,{"stream_name":"stderr","time":29.740810232,"data":"                   ~~~~~~~~~~~~~~^^^^^^^^^^^^^^^^^^^^^^^^^^^\n"}
,{"stream_name":"stderr","time":29.740815908,"data":"  File \"/usr/local/lib/python3.12/dist-packages/transformers/models/auto/configuration_auto.py\", line 1087, in __getitem__\n"}
,{"stream_name":"stderr","time":29.74082139,"data":"    raise KeyError(key)\n"}
,{"stream_name":"stderr","time":29.74082611,"data":"KeyError: 'qwen3_5'\n"}
,{"stream_name":"stderr","time":29.740830865,"data":"\n"}
,{"stream_name":"stderr","time":29.740835115,"data":"During handling of the above exception, another exception occurred:\n"}
,{"stream_name":"stderr","time":29.740839535,"data":"\n"}
,{"stream_name":"stderr","time":29.74084365,"data":"Traceback (most recent call last):\n"}
,{"stream_name":"stderr","time":29.740847736,"data":"  File \"/kaggle/src/script.py\", line 948, in \u003cmodule\u003e\n"}
,{"stream_name":"stderr","time":29.741223618,"data":"    main()\n"}
,{"stream_name":"stderr","time":29.741360441,"data":"  File \"/kaggle/src/script.py\", line 796, in main\n"}
,{"stream_name":"stderr","time":29.74170986,"data":"    tok_g, gen_m = load(GEN_MODEL)\n"}
,{"stream_name":"stderr","time":29.741881381,"data":"                   ^^^^^^^^^^^^^^^\n"}
,{"stream_name":"stderr","time":29.74190011,"data":"  File \"/kaggle/src/script.py\", line 413, in load\n"}
,{"stream_name":"stderr","time":29.742318711,"data":"    model = AutoModelForCausalLM.from_pretrained(\n"}
,{"stream_name":"stderr","time":29.742410808,"data":"            ^^^^^^^^^^^^^^^^^^^^^^^^^^^^^^^^^^^^^\n"}
,{"stream_name":"stderr","time":29.742427735,"data":"  File \"/usr/local/lib/python3.12/dist-packages/transformers/models/auto/auto_factory.py\", line 317, in from_pretrained\n"}
,{"stream_name":"stderr","time":29.74273029,"data":"    config, kwargs = AutoConfig.from_pretrained(\n"}
,{"stream_name":"stderr","time":29.74277898,"data":"                     ^^^^^^^^^^^^^^^^^^^^^^^^^^^\n"}
,{"stream_name":"stderr","time":29.742814237,"data":"  File \"/usr/local/lib/python3.12/dist-packages/transformers/models/auto/configuration_auto.py\", line 1386, in from_pretrained\n"}
,{"stream_name":"stderr","time":29.74327796,"data":"    raise ValueError(\n"}
,{"stream_name":"stderr","time":29.743293814,"data":"ValueError: The checkpoint you are trying to load has model type `qwen3_5` but Transformers does not recognize this architecture. This could be because of an issue with the checkpoint, or because your version of Transformers is out of date.\n"}
,{"stream_name":"stderr","time":29.743300228,"data":"\n"}
,{"stream_name":"stderr","time":29.743304838,"data":"You can update Transformers with the command `pip install --upgrade transformers`. If this does not work, and the checkpoint is very new, then there may not be a release version that supports this model yet. In this case, you can get the most up-to-date code by installing Transformers from source with the command `pip install git+https://github.com/huggingface/transformers.git`\n"}
,{"stream_name":"stderr","time":33.861738198,"data":"/usr/local/lib/python3.12/dist-packages/mistune.py:435: SyntaxWarning: invalid escape sequence '\\|'\n"}
,{"stream_name":"stderr","time":33.861780495,"data":"  cells[i][c] = re.sub('\\\\\\\\\\|', '|', cell)\n"}
,{"stream_name":"stderr","time":34.072097741,"data":"/usr/local/lib/python3.12/dist-packages/nbconvert/filters/filter_links.py:36: SyntaxWarning: invalid escape sequence '\\_'\n"}
,{"stream_name":"stderr","time":34.072126476,"data":"  text = re.sub(r'_', '\\_', text) # Escape underscores in display text\n"}
,{"stream_name":"stderr","time":34.664068632,"data":"[NbConvertApp] Converting notebook __script__.ipynb to html\n"}
,{"stream_name":"stderr","time":35.915737098,"data":"[NbConvertApp] Writing 467341 bytes to __results__.html\n"}
]